20:39:39 **** Incremental Build of configuration Debug for project benchmark-interface ****
make -j8 all 
arm-none-eabi-gcc "C:/Users/robet/GitHubRepos/tiny/benchmark/interface/Core/Src/usart.c" -mcpu=cortex-m33 -std=gnu11 -g3 -DDEBUG -DUSE_FULL_LL_DRIVER -DFX_INCLUDE_USER_DEFINE_FILE -DTX_INCLUDE_USER_DEFINE_FILE -DTX_SINGLE_MODE_NON_SECURE=1 -DUSE_HAL_DRIVER -DSTM32H573xx -c -I../../Core/Inc -I../../FileX/App -I../../FileX/Target -I../../AZURE_RTOS/App -I../../Drivers/STM32H5xx_HAL_Driver/Inc -I../../Drivers/STM32H5xx_HAL_Driver/Inc/Legacy -I../../Middlewares/ST/threadx/common/inc -I../../Drivers/CMSIS/Device/ST/STM32H5xx/Include -I../../Middlewares/ST/filex/common/inc -I../../Middlewares/ST/filex/ports/generic/inc -I../../Middlewares/ST/threadx/ports/cortex_m33/gnu/inc -I../../Drivers/CMSIS/Include -I../../Application -I../../Drivers/BSP/STM32H573I-DK -I../../Drivers/BSP/Components/Common -I../../Drivers/BSP/Components/cs42l51 -I../../Drivers/BSP/Components/ft6x06 -I../../Drivers/BSP/Components/st7789h2 -O0 -ffunction-sections -fdata-sections -Wall -fstack-usage -fcyclomatic-complexity -MMD -MP -MF"Application/User/Core/usart.d" -MT"Application/User/Core/usart.o" --specs=nano.specs -mfpu=fpv5-sp-d16 -mfloat-abi=hard -mthumb -o "Application/User/Core/usart.o"
arm-none-eabi-g++ -o "benchmark-interface.elf" @"objects.list"   -mcpu=cortex-m33 -T"C:\Users\robet\GitHubRepos\tiny\benchmark\interface\STM32CubeIDE\STM32H573IIKXQ_FLASH.ld" -Wl,-Map="benchmark-interface.map" -Wl,--gc-sections -static --specs=nano.specs -mfpu=fpv5-sp-d16 -mfloat-abi=hard -mthumb -Wl,--start-group -lc -lm -lstdc++ -lsupc++ -Wl,--end-group
C:/ST/STM32CubeIDE_1.16.1/STM32CubeIDE/plugins/com.st.stm32cube.ide.mcu.externaltools.gnu-tools-for-stm32.12.3.rel1.win32_1.0.200.202406191623/tools/bin/../lib/gcc/arm-none-eabi/12.3.1/../../../../arm-none-eabi/bin/ld.exe: warning: benchmark-interface.elf has a LOAD segment with RWX permissions
Finished building target: benchmark-interface.elf
 
arm-none-eabi-size  benchmark-interface.elf 
arm-none-eabi-objdump -h -S benchmark-interface.elf  > "benchmark-interface.list"
   text	   data	    bss	    dec	    hex	filename
 134692	    272	  41776	 176740	  2b264	benchmark-interface.elf
Finished building: default.size.stdout
 
Finished building: benchmark-interface.list
 

20:39:45 Build Finished. 0 errors, 1 warnings. (took 6s.214ms)

